// Jest Snapshot v1, https://goo.gl/fbAQLP

exports[`Basic DatePicker Component should render the Basic Test Component 1`] = `
<div>
  <div>
    Test something
  </div>
</div>
`;
